// Jest Snapshot v1, https://goo.gl/fbAQLP

exports[`Filter component should render correctly 1`] = `
<ContextProvider
  value={null}
>
  <Filter
    buttons={
      Array [
        Object {
          "checked": true,
          "field": "title",
          "id": "b1",
          "text": "title",
        },
        Object {
          "checked": false,
          "field": "genres",
          "id": "b2",
          "text": "genre",
        },
      ]
    }
    navigationFilters={
      Object {
        "buttonList": Array [
          Object {
            "checked": true,
            "field": "release_date",
            "id": "f1",
            "text": "Release date",
          },
          Object {
            "checked": false,
            "field": "vote_average",
            "id": "f2",
            "text": "rating",
          },
        ],
        "title": "sort by",
        "type": "CHANGE_NAVIGATION_FILTERS",
      }
    }
    query=""
    searchFilters={
      Object {
        "buttonList": Array [
          Object {
            "checked": true,
            "field": "title",
            "id": "b1",
            "text": "title",
          },
          Object {
            "checked": false,
            "field": "genres",
            "id": "b2",
            "text": "genre",
          },
        ],
        "title": "search by",
        "type": "CHANGE_SEARCH_FILTERS",
      }
    }
    store={
      Object {
        "clearActions": [Function],
        "dispatch": [Function],
        "getActions": [Function],
        "getState": [Function],
        "replaceReducer": [Function],
        "subscribe": [Function],
      }
    }
    title="search by"
    type="CHANGE_SEARCH_FILTERS"
    updateFilterButtons={[Function]}
  />
</ContextProvider>
`;
