// Jest Snapshot v1, https://goo.gl/fbAQLP

exports[`Filter component should render correctly 1`] = `
<div
  className="filter-container"
>
  <div
    style={
      Object {
        "color": "fff important!",
        "display": "inline-block",
        "fontSize": "16px",
        "textTransform": "uppercase",
      }
    }
  >
    <p>
      test filter
    </p>
  </div>
  <div
    style={
      Object {
        "display": "inline-block",
        "marginLeft": "10px",
      }
    }
  >
    <FilterButton
      data={
        Object {
          "checked": true,
          "id": "btn1",
          "text": "first test button",
        }
      }
      key="btn1"
      toggleChange={[Function]}
    />
    <FilterButton
      data={
        Object {
          "checked": false,
          "id": "btn2",
          "text": "second test button",
        }
      }
      key="btn2"
      toggleChange={[Function]}
    />
  </div>
</div>
`;
