// Jest Snapshot v1, https://goo.gl/fbAQLP

exports[`Movie component should be render correctly 1`] = `
<div
  className="movie"
>
  <Image />
  <Link
    to="/film/1"
  >
    Not yet...
  </Link>
  <ul>
    <p
      key="Not yet...Adventure"
    >
      Adventure
    </p>
  </ul>
  <p>
    2022
  </p>
  <p>
    5
  </p>
</div>
`;

exports[`Movie description component should be render correctly 1`] = `
<Connect(MovieDescription)
  store={
    Object {
      "clearActions": [Function],
      "dispatch": [Function],
      "getActions": [Function],
      "getState": [Function],
      "replaceReducer": [Function],
      "subscribe": [Function],
    }
  }
>
  <MovieDescription
    dispatch={[Function]}
    movie={
      Object {
        "description": "",
        "genres": Array [
          "Adventure",
        ],
        "id": "1",
        "image": "../src/images/movie-default.jpg",
        "release_date": "2022",
        "runtime": 154,
        "title": "Not yet...",
        "vote_average": 5,
      }
    }
    store={
      Object {
        "clearActions": [Function],
        "dispatch": [Function],
        "getActions": [Function],
        "getState": [Function],
        "replaceReducer": [Function],
        "subscribe": [Function],
      }
    }
  >
    <Image>
      <img />
    </Image>
    <div>
      <p>
        Not yet...
      </p>
      <p>
        5
      </p>
    </div>
    <div>
      <p>
        2022
         year 
        154
         min
      </p>
      <p />
    </div>
  </MovieDescription>
</Connect(MovieDescription)>
`;
